Downloading https://services.gradle.org/distributions/gradle-8.11.1-bin.zip
.............10%.............20%.............30%.............40%.............50%.............60%.............70%.............80%.............90%.............100%

Welcome to Gradle 8.11.1!

Here are the highlights of this release:
 - Parallel load and store for Configuration Cache
 - Java compilation errors at the end of the build output
 - Consolidated report for warnings and deprecations

For more details see https://docs.gradle.org/8.11.1/release-notes.html

Starting a Gradle Daemon (subsequent builds will be faster)
> Task :buildSrc:checkKotlinGradlePluginConfigurationErrors SKIPPED
> Task :buildSrc:generateExternalPluginSpecBuilders
> Task :buildSrc:extractPrecompiledScriptPluginPlugins
> Task :buildSrc:compilePluginsBlocks
> Task :buildSrc:generatePrecompiledScriptPluginAccessors
> Task :buildSrc:generateScriptPluginAdapters
> Task :buildSrc:pluginDescriptors
> Task :buildSrc:processResources
> Task :buildSrc:compileKotlin
> Task :buildSrc:compileJava NO-SOURCE
> Task :buildSrc:compileGroovy NO-SOURCE
> Task :buildSrc:classes
> Task :buildSrc:jar

> Configure project :
w: file:///home/runner/work/extensions-meusanimes/extensions-meusanimes/build-system/build.gradle.kts:17:9: 'kotlinOptions(KotlinJvmOptionsDeprecated /* = KotlinJvmOptions */.() -> Unit): Unit' is deprecated. Please migrate to the compilerOptions DSL. More details are here: https://kotl.in/u1r8ln
Checking the license for package Android SDK Platform 32 in /usr/local/lib/android/sdk/licenses
License for package Android SDK Platform 32 accepted.
Preparing "Install Android SDK Platform 32 (revision 1)".
"Install Android SDK Platform 32 (revision 1)" ready.
Installing Android SDK Platform 32 in /usr/local/lib/android/sdk/platforms/android-32
"Install Android SDK Platform 32 (revision 1)" complete.
"Install Android SDK Platform 32 (revision 1)" finished.

> Task :core:preBuild UP-TO-DATE
> Task :core:preDebugBuild UP-TO-DATE
> Task :core:generateDebugResValues
> Task :core:generateDebugResources
> Task :core:packageDebugResources
> Task :src:pt:meusanimes:writeManifestFile
> Task :src:pt:meusanimes:preBuild
> Task :src:pt:meusanimes:preDebugBuild
> Task :src:pt:meusanimes:mergeDebugNativeDebugMetadata NO-SOURCE
> Task :src:pt:meusanimes:checkKotlinGradlePluginConfigurationErrors SKIPPED
> Task :src:pt:meusanimes:generateDebugBuildConfig
> Task :src:pt:meusanimes:mapDebugSourceSetPaths
> Task :src:pt:meusanimes:generateDebugResources
> Task :src:pt:meusanimes:mergeDebugResources
> Task :src:pt:meusanimes:createDebugCompatibleScreenManifests
> Task :src:pt:meusanimes:extractDeepLinksDebug
> Task :src:pt:meusanimes:generateDebugAssets UP-TO-DATE
> Task :src:pt:meusanimes:checkDebugDuplicateClasses
> Task :src:pt:meusanimes:javaPreCompileDebug
> Task :core:javaPreCompileDebug FROM-CACHE
> Task :core:parseDebugLocalResources
> Task :src:pt:meusanimes:desugarDebugFileDependencies
> Task :src:pt:meusanimes:mergeExtDexDebug
> Task :src:pt:meusanimes:mergeDebugJniLibFolders
> Task :core:extractDeepLinksDebug
> Task :core:generateDebugRFile
> Task :core:writeDebugAarMetadata
> Task :core:compileDebugLibraryResources
> Task :core:compileDebugJavaWithJavac NO-SOURCE
> Task :core:mergeDebugShaders
> Task :core:compileDebugShaders NO-SOURCE
> Task :core:bundleLibCompileToJarDebug
> Task :core:generateDebugAssets UP-TO-DATE
> Task :src:pt:meusanimes:validateSigningDebug
> Task :core:packageDebugAssets
> Task :src:pt:meusanimes:checkDebugAarMetadata
> Task :core:processDebugJavaRes NO-SOURCE
> Task :src:pt:meusanimes:writeDebugAppMetadata
> Task :src:pt:meusanimes:mergeDebugAssets
> Task :core:bundleLibRuntimeToJarDebug
> Task :core:mergeDebugJniLibFolders
> Task :src:pt:meusanimes:compressDebugAssets
> Task :core:processDebugManifest
> Task :core:mergeDebugNativeLibs NO-SOURCE
> Task :src:pt:meusanimes:writeDebugSigningConfigVersions
> Task :core:copyDebugJniLibsProjectOnly
> Task :src:pt:meusanimes:processDebugMainManifest
> Task :src:pt:meusanimes:processDebugManifest
> Task :src:pt:meusanimes:mergeDebugNativeLibs NO-SOURCE
> Task :src:pt:meusanimes:stripDebugDebugSymbols NO-SOURCE
> Task :src:pt:meusanimes:processDebugManifestForPackage
> Task :src:pt:meusanimes:mergeLibDexDebug
> Task :src:pt:meusanimes:processDebugResources

> Task :src:pt:meusanimes:compileDebugKotlin FAILED
e: Incompatible classes were found in dependencies. Remove them from the classpath or use '-Xskip-metadata-version-check' to suppress errors
e: file:///home/runner/.gradle/caches/8.11.1/transforms/057774cd74f6d0a6a47138fb7a80c67f/transformed/extensions-lib-v16-api.jar!/META-INF/library_release.kotlin_module Module was compiled with an incompatible version of Kotlin. The binary version of its metadata is 2.2.0, expected version is 2.0.0.
e: file:///home/runner/.gradle/caches/modules-2/files-2.1/org.jetbrains.kotlin/kotlin-stdlib/2.2.0/fdfc65fbc42fda253a26f61dac3c0aca335fae96/kotlin-stdlib-2.2.0.jar!/META-INF/kotlin-stdlib-jdk7.kotlin_module Module was compiled with an incompatible version of Kotlin. The binary version of its metadata is 2.2.0, expected version is 2.0.0.
e: file:///home/runner/.gradle/caches/modules-2/files-2.1/org.jetbrains.kotlin/kotlin-stdlib/2.2.0/fdfc65fbc42fda253a26f61dac3c0aca335fae96/kotlin-stdlib-2.2.0.jar!/META-INF/kotlin-stdlib-jdk8.kotlin_module Module was compiled with an incompatible version of Kotlin. The binary version of its metadata is 2.2.0, expected version is 2.0.0.
e: file:///home/runner/.gradle/caches/modules-2/files-2.1/org.jetbrains.kotlin/kotlin-stdlib/2.2.0/fdfc65fbc42fda253a26f61dac3c0aca335fae96/kotlin-stdlib-2.2.0.jar!/META-INF/kotlin-stdlib.kotlin_module Module was compiled with an incompatible version of Kotlin. The binary version of its metadata is 2.2.0, expected version is 2.0.0.
e: file:///home/runner/work/extensions-meusanimes/extensions-meusanimes/build-system/src/pt/meusanimes/src/eu/kanade/tachiyomi/animeextension/pt/meusanimes/MeusAnimesBlog.kt:10:36 Unresolved reference 'GET'.
e: file:///home/runner/work/extensions-meusanimes/extensions-meusanimes/build-system/src/pt/meusanimes/src/eu/kanade/tachiyomi/animeextension/pt/meusanimes/MeusAnimesBlog.kt:11:33 Unresolved reference 'asJsoup'.
e: file:///home/runner/work/extensions-meusanimes/extensions-meusanimes/build-system/src/pt/meusanimes/src/eu/kanade/tachiyomi/animeextension/pt/meusanimes/MeusAnimesBlog.kt:17:24 Class 'eu.kanade.tachiyomi.animesource.online.AnimeHttpSource' was compiled with an incompatible version of Kotlin. The actual metadata version is 2.2.0, but the compiler version 2.0.0 can read versions up to 2.1.0.
The class is loaded from /home/runner/.gradle/caches/8.11.1/transforms/057774cd74f6d0a6a47138fb7a80c67f/transformed/extensions-lib-v16-api.jar!/eu/kanade/tachiyomi/animesource/online/AnimeHttpSource.class
e: file:///home/runner/work/extensions-meusanimes/extensions-meusanimes/build-system/src/pt/meusanimes/src/eu/kanade/tachiyomi/animeextension/pt/meusanimes/MeusAnimesBlog.kt:24:51 Unresolved reference 'GET'.
e: file:///home/runner/work/extensions-meusanimes/extensions-meusanimes/build-system/src/pt/meusanimes/src/eu/kanade/tachiyomi/animeextension/pt/meusanimes/MeusAnimesBlog.kt:26:57 Class 'eu.kanade.tachiyomi.animesource.model.AnimesPage' was compiled with an incompatible version of Kotlin. The actual metadata version is 2.2.0, but the compiler version 2.0.0 can read versions up to 2.1.0.
The class is loaded from /home/runner/.gradle/caches/8.11.1/transforms/057774cd74f6d0a6a47138fb7a80c67f/transformed/extensions-lib-v16-api.jar!/eu/kanade/tachiyomi/animesource/model/AnimesPage.class
e: file:///home/runner/work/extensions-meusanimes/extensions-meusanimes/build-system/src/pt/meusanimes/src/eu/kanade/tachiyomi/animeextension/pt/meusanimes/MeusAnimesBlog.kt:27:28 Unresolved reference 'asJsoup'.
e: file:///home/runner/work/extensions-meusanimes/extensions-meusanimes/build-system/src/pt/meusanimes/src/eu/kanade/tachiyomi/animeextension/pt/meusanimes/MeusAnimesBlog.kt:28:63 Cannot infer type for this parameter. Please specify it explicitly.
e: file:///home/runner/work/extensions-meusanimes/extensions-meusanimes/build-system/src/pt/meusanimes/src/eu/kanade/tachiyomi/animeextension/pt/meusanimes/MeusAnimesBlog.kt:29:13 Class 'eu.kanade.tachiyomi.animesource.model.SAnime' was compiled with an incompatible version of Kotlin. The actual metadata version is 2.2.0, but the compiler version 2.0.0 can read versions up to 2.1.0.
The class is loaded from /home/runner/.gradle/caches/8.11.1/transforms/057774cd74f6d0a6a47138fb7a80c67f/transformed/extensions-lib-v16-api.jar!/eu/kanade/tachiyomi/animesource/model/SAnime.class
e: file:///home/runner/work/extensions-meusanimes/extensions-meusanimes/build-system/src/pt/meusanimes/src/eu/kanade/tachiyomi/animeextension/pt/meusanimes/MeusAnimesBlog.kt:29:13 Class 'eu.kanade.tachiyomi.animesource.model.SAnime.Companion' was compiled with an incompatible version of Kotlin. The actual metadata version is 2.2.0, but the compiler version 2.0.0 can read versions up to 2.1.0.
The class is loaded from /home/runner/.gradle/caches/8.11.1/transforms/057774cd74f6d0a6a47138fb7a80c67f/transformed/extensions-lib-v16-api.jar!/eu/kanade/tachiyomi/animesource/model/SAnime$Companion.class
e: file:///home/runner/work/extensions-meusanimes/extensions-meusanimes/build-system/src/pt/meusanimes/src/eu/kanade/tachiyomi/animeextension/pt/meusanimes/MeusAnimesBlog.kt:29:29 Unresolved reference 'apply'.
e: file:///home/runner/work/extensions-meusanimes/extensions-meusanimes/build-system/src/pt/meusanimes/src/eu/kanade/tachiyomi/animeextension/pt/meusanimes/MeusAnimesBlog.kt:29:35 Class 'kotlin.Unit' was compiled with an incompatible version of Kotlin. The actual metadata version is 2.2.0, but the compiler version 2.0.0 can read versions up to 2.1.0.
The class is loaded from /home/runner/.gradle/caches/modules-2/files-2.1/org.jetbrains.kotlin/kotlin-stdlib/2.2.0/fdfc65fbc42fda253a26f61dac3c0aca335fae96/kotlin-stdlib-2.2.0.jar!/kotlin/Unit.class
e: file:///home/runner/work/extensions-meusanimes/extensions-meusanimes/build-system/src/pt/meusanimes/src/eu/kanade/tachiyomi/animeextension/pt/meusanimes/MeusAnimesBlog.kt:30:17 Unresolved reference 'title'.
e: file:///home/runner/work/extensions-meusanimes/extensions-meusanimes/build-system/src/pt/meusanimes/src/eu/kanade/tachiyomi/animeextension/pt/meusanimes/MeusAnimesBlog.kt:30:28 Unresolved reference 'select'.
e: file:///home/runner/work/extensions-meusanimes/extensions-meusanimes/build-system/src/pt/meusanimes/src/eu/kanade/tachiyomi/animeextension/pt/meusanimes/MeusAnimesBlog.kt:31:40 Unresolved reference 'select'.
e: file:///home/runner/work/extensions-meusanimes/extensions-meusanimes/build-system/src/pt/meusanimes/src/eu/kanade/tachiyomi/animeextension/pt/meusanimes/MeusAnimesBlog.kt:32:17 Unresolved reference 'thumbnail_url'.
e: file:///home/runner/work/extensions-meusanimes/extensions-meusanimes/build-system/src/pt/meusanimes/src/eu/kanade/tachiyomi/animeextension/pt/meusanimes/MeusAnimesBlog.kt:32:36 Unresolved reference 'select'.
e: file:///home/runner/work/extensions-meusanimes/extensions-meusanimes/build-system/src/pt/meusanimes/src/eu/kanade/tachiyomi/animeextension/pt/meusanimes/MeusAnimesBlog.kt:36:16 Class 'eu.kanade.tachiyomi.animesource.model.AnimesPage' was compiled with an incompatible version of Kotlin. The actual metadata version is 2.2.0, but the compiler version 2.0.0 can read versions up to 2.1.0.
The class is loaded from /home/runner/.gradle/caches/8.11.1/transforms/057774cd74f6d0a6a47138fb7a80c67f/transformed/extensions-lib-v16-api.jar!/eu/kanade/tachiyomi/animesource/model/AnimesPage.class
e: file:///home/runner/work/extensions-meusanimes/extensions-meusanimes/build-system/src/pt/meusanimes/src/eu/kanade/tachiyomi/animeextension/pt/meusanimes/MeusAnimesBlog.kt:39:72 Class 'eu.kanade.tachiyomi.animesource.model.AnimeFilterList' was compiled with an incompatible version of Kotlin. The actual metadata version is 2.2.0, but the compiler version 2.0.0 can read versions up to 2.1.0.
The class is loaded from /home/runner/.gradle/caches/8.11.1/transforms/057774cd74f6d0a6a47138fb7a80c67f/transformed/extensions-lib-v16-api.jar!/eu/kanade/tachiyomi/animesource/model/AnimeFilterList.class
e: file:///home/runner/work/extensions-meusanimes/extensions-meusanimes/build-system/src/pt/meusanimes/src/eu/kanade/tachiyomi/animeextension/pt/meusanimes/MeusAnimesBlog.kt:40:16 Unresolved reference 'GET'.
e: file:///home/runner/work/extensions-meusanimes/extensions-meusanimes/build-system/src/pt/meusanimes/src/eu/kanade/tachiyomi/animeextension/pt/meusanimes/MeusAnimesBlog.kt:43:52 Unresolved reference 'GET'.
e: file:///home/runner/work/extensions-meusanimes/extensions-meusanimes/build-system/src/pt/meusanimes/src/eu/kanade/tachiyomi/animeextension/pt/meusanimes/MeusAnimesBlog.kt:45:58 Class 'eu.kanade.tachiyomi.animesource.model.AnimesPage' was compiled with an incompatible version of Kotlin. The actual metadata version is 2.2.0, but the compiler version 2.0.0 can read versions up to 2.1.0.
The class is loaded from /home/runner/.gradle/caches/8.11.1/transforms/057774cd74f6d0a6a47138fb7a80c67f/transformed/extensions-lib-v16-api.jar!/eu/kanade/tachiyomi/animesource/model/AnimesPage.class
e: file:///home/runner/work/extensions-meusanimes/extensions-meusanimes/build-system/src/pt/meusanimes/src/eu/kanade/tachiyomi/animeextension/pt/meusanimes/MeusAnimesBlog.kt:46:28 Unresolved reference 'asJsoup'.
e: file:///home/runner/work/extensions-meusanimes/extensions-meusanimes/build-system/src/pt/meusanimes/src/eu/kanade/tachiyomi/animeextension/pt/meusanimes/MeusAnimesBlog.kt:47:63 Cannot infer type for this parameter. Please specify it explicitly.
e: file:///home/runner/work/extensions-meusanimes/extensions-meusanimes/build-system/src/pt/meusanimes/src/eu/kanade/tachiyomi/animeextension/pt/meusanimes/MeusAnimesBlog.kt:48:13 Class 'eu.kanade.tachiyomi.animesource.model.SAnime' was compiled with an incompatible version of Kotlin. The actual metadata version is 2.2.0, but the compiler version 2.0.0 can read versions up to 2.1.0.
The class is loaded from /home/runner/.gradle/caches/8.11.1/transforms/057774cd74f6d0a6a47138fb7a80c67f/transformed/extensions-lib-v16-api.jar!/eu/kanade/tachiyomi/animesource/model/SAnime.class
e: file:///home/runner/work/extensions-meusanimes/extensions-meusanimes/build-system/src/pt/meusanimes/src/eu/kanade/tachiyomi/animeextension/pt/meusanimes/MeusAnimesBlog.kt:48:13 Class 'eu.kanade.tachiyomi.animesource.model.SAnime.Companion' was compiled with an incompatible version of Kotlin. The actual metadata version is 2.2.0, but the compiler version 2.0.0 can read versions up to 2.1.0.
The class is loaded from /home/runner/.gradle/caches/8.11.1/transforms/057774cd74f6d0a6a47138fb7a80c67f/transformed/extensions-lib-v16-api.jar!/eu/kanade/tachiyomi/animesource/model/SAnime$Companion.class
e: file:///home/runner/work/extensions-meusanimes/extensions-meusanimes/build-system/src/pt/meusanimes/src/eu/kanade/tachiyomi/animeextension/pt/meusanimes/MeusAnimesBlog.kt:48:29 Unresolved reference 'apply'.
e: file:///home/runner/work/extensions-meusanimes/extensions-meusanimes/build-system/src/pt/meusanimes/src/eu/kanade/tachiyomi/animeextension/pt/meusanimes/MeusAnimesBlog.kt:48:35 Class 'kotlin.Unit' was compiled with an incompatible version of Kotlin. The actual metadata version is 2.2.0, but the compiler version 2.0.0 can read versions up to 2.1.0.
The class is loaded from /home/runner/.gradle/caches/modules-2/files-2.1/org.jetbrains.kotlin/kotlin-stdlib/2.2.0/fdfc65fbc42fda253a26f61dac3c0aca335fae96/kotlin-stdlib-2.2.0.jar!/kotlin/Unit.class
e: file:///home/runner/work/extensions-meusanimes/extensions-meusanimes/build-system/src/pt/meusanimes/src/eu/kanade/tachiyomi/animeextension/pt/meusanimes/MeusAnimesBlog.kt:49:17 Unresolved reference 'title'.
e: file:///home/runner/work/extensions-meusanimes/extensions-meusanimes/build-system/src/pt/meusanimes/src/eu/kanade/tachiyomi/animeextension/pt/meusanimes/MeusAnimesBlog.kt:49:28 Unresolved reference 'select'.
e: file:///home/runner/work/extensions-meusanimes/extensions-meusanimes/build-system/src/pt/meusanimes/src/eu/kanade/tachiyomi/animeextension/pt/meusanimes/MeusAnimesBlog.kt:50:40 Unresolved reference 'select'.
e: file:///home/runner/work/extensions-meusanimes/extensions-meusanimes/build-system/src/pt/meusanimes/src/eu/kanade/tachiyomi/animeextension/pt/meusanimes/MeusAnimesBlog.kt:51:17 Unresolved reference 'thumbnail_url'.
e: file:///home/runner/work/extensions-meusanimes/extensions-meusanimes/build-system/src/pt/meusanimes/src/eu/kanade/tachiyomi/animeextension/pt/meusanimes/MeusAnimesBlog.kt:51:36 Unresolved reference 'select'.
e: file:///home/runner/work/extensions-meusanimes/extensions-meusanimes/build-system/src/pt/meusanimes/src/eu/kanade/tachiyomi/animeextension/pt/meusanimes/MeusAnimesBlog.kt:55:16 Class 'eu.kanade.tachiyomi.animesource.model.AnimesPage' was compiled with an incompatible version of Kotlin. The actual metadata version is 2.2.0, but the compiler version 2.0.0 can read versions up to 2.1.0.
The class is loaded from /home/runner/.gradle/caches/8.11.1/transforms/057774cd74f6d0a6a47138fb7a80c67f/transformed/extensions-lib-v16-api.jar!/eu/kanade/tachiyomi/animesource/model/AnimesPage.class
e: file:///home/runner/work/extensions-meusanimes/extensions-meusanimes/build-system/src/pt/meusanimes/src/eu/kanade/tachiyomi/animeextension/pt/meusanimes/MeusAnimesBlog.kt:58:56 Class 'eu.kanade.tachiyomi.animesource.model.AnimesPage' was compiled with an incompatible version of Kotlin. The actual metadata version is 2.2.0, but the compiler version 2.0.0 can read versions up to 2.1.0.
The class is loaded from /home/runner/.gradle/caches/8.11.1/transforms/057774cd74f6d0a6a47138fb7a80c67f/transformed/extensions-lib-v16-api.jar!/eu/kanade/tachiyomi/animesource/model/AnimesPage.class
e: file:///home/runner/work/extensions-meusanimes/extensions-meusanimes/build-system/src/pt/meusanimes/src/eu/kanade/tachiyomi/animeextension/pt/meusanimes/MeusAnimesBlog.kt:59:28 Unresolved reference 'asJsoup'.
e: file:///home/runner/work/extensions-meusanimes/extensions-meusanimes/build-system/src/pt/meusanimes/src/eu/kanade/tachiyomi/animeextension/pt/meusanimes/MeusAnimesBlog.kt:60:65 Cannot infer type for this parameter. Please specify it explicitly.
e: file:///home/runner/work/extensions-meusanimes/extensions-meusanimes/build-system/src/pt/meusanimes/src/eu/kanade/tachiyomi/animeextension/pt/meusanimes/MeusAnimesBlog.kt:61:27 Unresolved reference 'select'.
e: file:///home/runner/work/extensions-meusanimes/extensions-meusanimes/build-system/src/pt/meusanimes/src/eu/kanade/tachiyomi/animeextension/pt/meusanimes/MeusAnimesBlog.kt:64:13 Class 'eu.kanade.tachiyomi.animesource.model.SAnime' was compiled with an incompatible version of Kotlin. The actual metadata version is 2.2.0, but the compiler version 2.0.0 can read versions up to 2.1.0.
The class is loaded from /home/runner/.gradle/caches/8.11.1/transforms/057774cd74f6d0a6a47138fb7a80c67f/transformed/extensions-lib-v16-api.jar!/eu/kanade/tachiyomi/animesource/model/SAnime.class
e: file:///home/runner/work/extensions-meusanimes/extensions-meusanimes/build-system/src/pt/meusanimes/src/eu/kanade/tachiyomi/animeextension/pt/meusanimes/MeusAnimesBlog.kt:64:13 Class 'eu.kanade.tachiyomi.animesource.model.SAnime.Companion' was compiled with an incompatible version of Kotlin. The actual metadata version is 2.2.0, but the compiler version 2.0.0 can read versions up to 2.1.0.
The class is loaded from /home/runner/.gradle/caches/8.11.1/transforms/057774cd74f6d0a6a47138fb7a80c67f/transformed/extensions-lib-v16-api.jar!/eu/kanade/tachiyomi/animesource/model/SAnime$Companion.class
e: file:///home/runner/work/extensions-meusanimes/extensions-meusanimes/build-system/src/pt/meusanimes/src/eu/kanade/tachiyomi/animeextension/pt/meusanimes/MeusAnimesBlog.kt:64:29 Unresolved reference 'apply'.
e: file:///home/runner/work/extensions-meusanimes/extensions-meusanimes/build-system/src/pt/meusanimes/src/eu/kanade/tachiyomi/animeextension/pt/meusanimes/MeusAnimesBlog.kt:64:35 Class 'kotlin.Unit' was compiled with an incompatible version of Kotlin. The actual metadata version is 2.2.0, but the compiler version 2.0.0 can read versions up to 2.1.0.
The class is loaded from /home/runner/.gradle/caches/modules-2/files-2.1/org.jetbrains.kotlin/kotlin-stdlib/2.2.0/fdfc65fbc42fda253a26f61dac3c0aca335fae96/kotlin-stdlib-2.2.0.jar!/kotlin/Unit.class
e: file:///home/runner/work/extensions-meusanimes/extensions-meusanimes/build-system/src/pt/meusanimes/src/eu/kanade/tachiyomi/animeextension/pt/meusanimes/MeusAnimesBlog.kt:65:17 Unresolved reference 'title'.
e: file:///home/runner/work/extensions-meusanimes/extensions-meusanimes/build-system/src/pt/meusanimes/src/eu/kanade/tachiyomi/animeextension/pt/meusanimes/MeusAnimesBlog.kt:67:17 Unresolved reference 'thumbnail_url'.
e: file:///home/runner/work/extensions-meusanimes/extensions-meusanimes/build-system/src/pt/meusanimes/src/eu/kanade/tachiyomi/animeextension/pt/meusanimes/MeusAnimesBlog.kt:67:36 Unresolved reference 'select'.
e: file:///home/runner/work/extensions-meusanimes/extensions-meusanimes/build-system/src/pt/meusanimes/src/eu/kanade/tachiyomi/animeextension/pt/meusanimes/MeusAnimesBlog.kt:71:16 Class 'eu.kanade.tachiyomi.animesource.model.AnimesPage' was compiled with an incompatible version of Kotlin. The actual metadata version is 2.2.0, but the compiler version 2.0.0 can read versions up to 2.1.0.
The class is loaded from /home/runner/.gradle/caches/8.11.1/transforms/057774cd74f6d0a6a47138fb7a80c67f/transformed/extensions-lib-v16-api.jar!/eu/kanade/tachiyomi/animesource/model/AnimesPage.class
e: file:///home/runner/work/extensions-meusanimes/extensions-meusanimes/build-system/src/pt/meusanimes/src/eu/kanade/tachiyomi/animeextension/pt/meusanimes/MeusAnimesBlog.kt:74:57 Class 'eu.kanade.tachiyomi.animesource.model.SAnime' was compiled with an incompatible version of Kotlin. The actual metadata version is 2.2.0, but the compiler version 2.0.0 can read versions up to 2.1.0.
The class is loaded from /home/runner/.gradle/caches/8.11.1/transforms/057774cd74f6d0a6a47138fb7a80c67f/transformed/extensions-lib-v16-api.jar!/eu/kanade/tachiyomi/animesource/model/SAnime.class
e: file:///home/runner/work/extensions-meusanimes/extensions-meusanimes/build-system/src/pt/meusanimes/src/eu/kanade/tachiyomi/animeextension/pt/meusanimes/MeusAnimesBlog.kt:75:28 Unresolved reference 'asJsoup'.
e: file:///home/runner/work/extensions-meusanimes/extensions-meusanimes/build-system/src/pt/meusanimes/src/eu/kanade/tachiyomi/animeextension/pt/meusanimes/MeusAnimesBlog.kt:76:16 Class 'eu.kanade.tachiyomi.animesource.model.SAnime' was compiled with an incompatible version of Kotlin. The actual metadata version is 2.2.0, but the compiler version 2.0.0 can read versions up to 2.1.0.
The class is loaded from /home/runner/.gradle/caches/8.11.1/transforms/057774cd74f6d0a6a47138fb7a80c67f/transformed/extensions-lib-v16-api.jar!/eu/kanade/tachiyomi/animesource/model/SAnime.class
e: file:///home/runner/work/extensions-meusanimes/extensions-meusanimes/build-system/src/pt/meusanimes/src/eu/kanade/tachiyomi/animeextension/pt/meusanimes/MeusAnimesBlog.kt:76:16 Class 'eu.kanade.tachiyomi.animesource.model.SAnime.Companion' was compiled with an incompatible version of Kotlin. The actual metadata version is 2.2.0, but the compiler version 2.0.0 can read versions up to 2.1.0.
The class is loaded from /home/runner/.gradle/caches/8.11.1/transforms/057774cd74f6d0a6a47138fb7a80c67f/transformed/extensions-lib-v16-api.jar!/eu/kanade/tachiyomi/animesource/model/SAnime$Companion.class
e: file:///home/runner/work/extensions-meusanimes/extensions-meusanimes/build-system/src/pt/meusanimes/src/eu/kanade/tachiyomi/animeextension/pt/meusanimes/MeusAnimesBlog.kt:76:32 Unresolved reference 'apply'.
e: file:///home/runner/work/extensions-meusanimes/extensions-meusanimes/build-system/src/pt/meusanimes/src/eu/kanade/tachiyomi/animeextension/pt/meusanimes/MeusAnimesBlog.kt:76:38 Class 'kotlin.Unit' was compiled with an incompatible version of Kotlin. The actual metadata version is 2.2.0, but the compiler version 2.0.0 can read versions up to 2.1.0.
The class is loaded from /home/runner/.gradle/caches/modules-2/files-2.1/org.jetbrains.kotlin/kotlin-stdlib/2.2.0/fdfc65fbc42fda253a26f61dac3c0aca335fae96/kotlin-stdlib-2.2.0.jar!/kotlin/Unit.class
e: file:///home/runner/work/extensions-meusanimes/extensions-meusanimes/build-system/src/pt/meusanimes/src/eu/kanade/tachiyomi/animeextension/pt/meusanimes/MeusAnimesBlog.kt:77:13 Unresolved reference 'title'.
e: file:///home/runner/work/extensions-meusanimes/extensions-meusanimes/build-system/src/pt/meusanimes/src/eu/kanade/tachiyomi/animeextension/pt/meusanimes/MeusAnimesBlog.kt:78:26 Unresolved reference 'trim'.
e: file:///home/runner/work/extensions-meusanimes/extensions-meusanimes/build-system/src/pt/meusanimes/src/eu/kanade/tachiyomi/animeextension/pt/meusanimes/MeusAnimesBlog.kt:79:13 Unresolved reference 'thumbnail_url'.
e: file:///home/runner/work/extensions-meusanimes/extensions-meusanimes/build-system/src/pt/meusanimes/src/eu/kanade/tachiyomi/animeextension/pt/meusanimes/MeusAnimesBlog.kt:80:13 Unresolved reference 'description'.
e: file:///home/runner/work/extensions-meusanimes/extensions-meusanimes/build-system/src/pt/meusanimes/src/eu/kanade/tachiyomi/animeextension/pt/meusanimes/MeusAnimesBlog.kt:81:13 Unresolved reference 'genre'.
e: file:///home/runner/work/extensions-meusanimes/extensions-meusanimes/build-system/src/pt/meusanimes/src/eu/kanade/tachiyomi/animeextension/pt/meusanimes/MeusAnimesBlog.kt:81:59 Unresolved reference 'text'.
e: file:///home/runner/work/extensions-meusanimes/extensions-meusanimes/build-system/src/pt/meusanimes/src/eu/kanade/tachiyomi/animeextension/pt/meusanimes/MeusAnimesBlog.kt:81:61 Unresolved reference 'it'.
e: file:///home/runner/work/extensions-meusanimes/extensions-meusanimes/build-system/src/pt/meusanimes/src/eu/kanade/tachiyomi/animeextension/pt/meusanimes/MeusAnimesBlog.kt:82:13 Unresolved reference 'status'.
e: file:///home/runner/work/extensions-meusanimes/extensions-meusanimes/build-system/src/pt/meusanimes/src/eu/kanade/tachiyomi/animeextension/pt/meusanimes/MeusAnimesBlog.kt:86:61 Class 'eu.kanade.tachiyomi.animesource.model.SEpisode' was compiled with an incompatible version of Kotlin. The actual metadata version is 2.2.0, but the compiler version 2.0.0 can read versions up to 2.1.0.
The class is loaded from /home/runner/.gradle/caches/8.11.1/transforms/057774cd74f6d0a6a47138fb7a80c67f/transformed/extensions-lib-v16-api.jar!/eu/kanade/tachiyomi/animesource/model/SEpisode.class
e: file:///home/runner/work/extensions-meusanimes/extensions-meusanimes/build-system/src/pt/meusanimes/src/eu/kanade/tachiyomi/animeextension/pt/meusanimes/MeusAnimesBlog.kt:87:28 Unresolved reference 'asJsoup'.
e: file:///home/runner/work/extensions-meusanimes/extensions-meusanimes/build-system/src/pt/meusanimes/src/eu/kanade/tachiyomi/animeextension/pt/meusanimes/MeusAnimesBlog.kt:88:68 Cannot infer type for this parameter. Please specify it explicitly.
e: file:///home/runner/work/extensions-meusanimes/extensions-meusanimes/build-system/src/pt/meusanimes/src/eu/kanade/tachiyomi/animeextension/pt/meusanimes/MeusAnimesBlog.kt:89:27 Unresolved reference 'select'.
e: file:///home/runner/work/extensions-meusanimes/extensions-meusanimes/build-system/src/pt/meusanimes/src/eu/kanade/tachiyomi/animeextension/pt/meusanimes/MeusAnimesBlog.kt:93:13 Class 'eu.kanade.tachiyomi.animesource.model.SEpisode' was compiled with an incompatible version of Kotlin. The actual metadata version is 2.2.0, but the compiler version 2.0.0 can read versions up to 2.1.0.
The class is loaded from /home/runner/.gradle/caches/8.11.1/transforms/057774cd74f6d0a6a47138fb7a80c67f/transformed/extensions-lib-v16-api.jar!/eu/kanade/tachiyomi/animesource/model/SEpisode.class
e: file:///home/runner/work/extensions-meusanimes/extensions-meusanimes/build-system/src/pt/meusanimes/src/eu/kanade/tachiyomi/animeextension/pt/meusanimes/MeusAnimesBlog.kt:93:13 Class 'eu.kanade.tachiyomi.animesource.model.SEpisode.Companion' was compiled with an incompatible version of Kotlin. The actual metadata version is 2.2.0, but the compiler version 2.0.0 can read versions up to 2.1.0.
The class is loaded from /home/runner/.gradle/caches/8.11.1/transforms/057774cd74f6d0a6a47138fb7a80c67f/transformed/extensions-lib-v16-api.jar!/eu/kanade/tachiyomi/animesource/model/SEpisode$Companion.class
e: file:///home/runner/work/extensions-meusanimes/extensions-meusanimes/build-system/src/pt/meusanimes/src/eu/kanade/tachiyomi/animeextension/pt/meusanimes/MeusAnimesBlog.kt:93:31 Unresolved reference 'apply'.
e: file:///home/runner/work/extensions-meusanimes/extensions-meusanimes/build-system/src/pt/meusanimes/src/eu/kanade/tachiyomi/animeextension/pt/meusanimes/MeusAnimesBlog.kt:93:37 Class 'kotlin.Unit' was compiled with an incompatible version of Kotlin. The actual metadata version is 2.2.0, but the compiler version 2.0.0 can read versions up to 2.1.0.
The class is loaded from /home/runner/.gradle/caches/modules-2/files-2.1/org.jetbrains.kotlin/kotlin-stdlib/2.2.0/fdfc65fbc42fda253a26f61dac3c0aca335fae96/kotlin-stdlib-2.2.0.jar!/kotlin/Unit.class
e: file:///home/runner/work/extensions-meusanimes/extensions-meusanimes/build-system/src/pt/meusanimes/src/eu/kanade/tachiyomi/animeextension/pt/meusanimes/MeusAnimesBlog.kt:95:17 'val' cannot be reassigned.
e: file:///home/runner/work/extensions-meusanimes/extensions-meusanimes/build-system/src/pt/meusanimes/src/eu/kanade/tachiyomi/animeextension/pt/meusanimes/MeusAnimesBlog.kt:96:17 Unresolved reference 'episode_number'.
e: file:///home/runner/work/extensions-meusanimes/extensions-meusanimes/build-system/src/pt/meusanimes/src/eu/kanade/tachiyomi/animeextension/pt/meusanimes/MeusAnimesBlog.kt:96:40 Unresolved reference 'toFloat'.
e: file:///home/runner/work/extensions-meusanimes/extensions-meusanimes/build-system/src/pt/meusanimes/src/eu/kanade/tachiyomi/animeextension/pt/meusanimes/MeusAnimesBlog.kt:97:17 Unresolved reference 'date_upload'.
e: file:///home/runner/work/extensions-meusanimes/extensions-meusanimes/build-system/src/pt/meusanimes/src/eu/kanade/tachiyomi/animeextension/pt/meusanimes/MeusAnimesBlog.kt:100:33 Unresolved reference 'episode_number'.
e: file:///home/runner/work/extensions-meusanimes/extensions-meusanimes/build-system/src/pt/meusanimes/src/eu/kanade/tachiyomi/animeextension/pt/meusanimes/MeusAnimesBlog.kt:100:35 Unresolved reference 'it'.
e: file:///home/runner/work/extensions-meusanimes/extensions-meusanimes/build-system/src/pt/meusanimes/src/eu/kanade/tachiyomi/animeextension/pt/meusanimes/MeusAnimesBlog.kt:103:90 Class 'eu.kanade.tachiyomi.animesource.model.Video' was compiled with an incompatible version of Kotlin. The actual metadata version is 2.2.0, but the compiler version 2.0.0 can read versions up to 2.1.0.
The class is loaded from /home/runner/.gradle/caches/8.11.1/transforms/057774cd74f6d0a6a47138fb7a80c67f/transformed/extensions-lib-v16-api.jar!/eu/kanade/tachiyomi/animesource/model/Video.class
e: file:///home/runner/work/extensions-meusanimes/extensions-meusanimes/build-system/src/pt/meusanimes/src/eu/kanade/tachiyomi/animeextension/pt/meusanimes/MeusAnimesBlog.kt:106:31 Class 'eu.kanade.tachiyomi.animesource.online.AnimeHttpSource' was compiled with an incompatible version of Kotlin. The actual metadata version is 2.2.0, but the compiler version 2.0.0 can read versions up to 2.1.0.
The class is loaded from /home/runner/.gradle/caches/8.11.1/transforms/057774cd74f6d0a6a47138fb7a80c67f/transformed/extensions-lib-v16-api.jar!/eu/kanade/tachiyomi/animesource/online/AnimeHttpSource.class
e: file:///home/runner/work/extensions-meusanimes/extensions-meusanimes/build-system/src/pt/meusanimes/src/eu/kanade/tachiyomi/animeextension/pt/meusanimes/MeusAnimesBlog.kt:106:46 Unresolved reference 'GET'.
e: file:///home/runner/work/extensions-meusanimes/extensions-meusanimes/build-system/src/pt/meusanimes/src/eu/kanade/tachiyomi/animeextension/pt/meusanimes/MeusAnimesBlog.kt:112:31 Unresolved reference 'until'.
e: file:///home/runner/work/extensions-meusanimes/extensions-meusanimes/build-system/src/pt/meusanimes/src/eu/kanade/tachiyomi/animeextension/pt/meusanimes/MeusAnimesBlog.kt:112:62 Cannot infer type for this parameter. Please specify it explicitly.
e: file:///home/runner/work/extensions-meusanimes/extensions-meusanimes/build-system/src/pt/meusanimes/src/eu/kanade/tachiyomi/animeextension/pt/meusanimes/MeusAnimesBlog.kt:116:25 Class 'eu.kanade.tachiyomi.animesource.model.Video' was compiled with an incompatible version of Kotlin. The actual metadata version is 2.2.0, but the compiler version 2.0.0 can read versions up to 2.1.0.
The class is loaded from /home/runner/.gradle/caches/8.11.1/transforms/057774cd74f6d0a6a47138fb7a80c67f/transformed/extensions-lib-v16-api.jar!/eu/kanade/tachiyomi/animesource/model/Video.class
e: file:///home/runner/work/extensions-meusanimes/extensions-meusanimes/build-system/src/pt/meusanimes/src/eu/kanade/tachiyomi/animeextension/pt/meusanimes/MeusAnimesBlog.kt:121:16 Unresolved reference 'emptyList'.
e: file:///home/runner/work/extensions-meusanimes/extensions-meusanimes/build-system/src/pt/meusanimes/src/eu/kanade/tachiyomi/animeextension/pt/meusanimes/MeusAnimesBlog.kt:124:49 Class 'eu.kanade.tachiyomi.animesource.model.SEpisode' was compiled with an incompatible version of Kotlin. The actual metadata version is 2.2.0, but the compiler version 2.0.0 can read versions up to 2.1.0.
The class is loaded from /home/runner/.gradle/caches/8.11.1/transforms/057774cd74f6d0a6a47138fb7a80c67f/transformed/extensions-lib-v16-api.jar!/eu/kanade/tachiyomi/animesource/model/SEpisode.class
e: file:///home/runner/work/extensions-meusanimes/extensions-meusanimes/build-system/src/pt/meusanimes/src/eu/kanade/tachiyomi/animeextension/pt/meusanimes/MeusAnimesBlog.kt:124:65 Class 'eu.kanade.tachiyomi.animesource.model.Hoster' was compiled with an incompatible version of Kotlin. The actual metadata version is 2.2.0, but the compiler version 2.0.0 can read versions up to 2.1.0.
The class is loaded from /home/runner/.gradle/caches/8.11.1/transforms/057774cd74f6d0a6a47138fb7a80c67f/transformed/extensions-lib-v16-api.jar!/eu/kanade/tachiyomi/animesource/model/Hoster.class
e: file:///home/runner/work/extensions-meusanimes/extensions-meusanimes/build-system/src/pt/meusanimes/src/eu/kanade/tachiyomi/animeextension/pt/meusanimes/MeusAnimesBlog.kt:125:19 Class 'eu.kanade.tachiyomi.animesource.online.AnimeHttpSource' was compiled with an incompatible version of Kotlin. The actual metadata version is 2.2.0, but the compiler version 2.0.0 can read versions up to 2.1.0.
The class is loaded from /home/runner/.gradle/caches/8.11.1/transforms/057774cd74f6d0a6a47138fb7a80c67f/transformed/extensions-lib-v16-api.jar!/eu/kanade/tachiyomi/animesource/online/AnimeHttpSource.class
e: file:///home/runner/work/extensions-meusanimes/extensions-meusanimes/build-system/src/pt/meusanimes/src/eu/kanade/tachiyomi/animeextension/pt/meusanimes/MeusAnimesBlog.kt:125:34 Unresolved reference 'GET'.
e: file:///home/runner/work/extensions-meusanimes/extensions-meusanimes/build-system/src/pt/meusanimes/src/eu/kanade/tachiyomi/animeextension/pt/meusanimes/MeusAnimesBlog.kt:125:49 Class 'eu.kanade.tachiyomi.animesource.model.SEpisode' was compiled with an incompatible version of Kotlin. The actual metadata version is 2.2.0, but the compiler version 2.0.0 can read versions up to 2.1.0.
The class is loaded from /home/runner/.gradle/caches/8.11.1/transforms/057774cd74f6d0a6a47138fb7a80c67f/transformed/extensions-lib-v16-api.jar!/eu/kanade/tachiyomi/animesource/model/SEpisode.class
e: file:///home/runner/work/extensions-meusanimes/extensions-meusanimes/build-system/src/pt/meusanimes/src/eu/kanade/tachiyomi/animeextension/pt/meusanimes/MeusAnimesBlog.kt:125:49 Class 'eu.kanade.tachiyomi.animesource.model.SEpisode' was compiled with an incompatible version of Kotlin. The actual metadata version is 2.2.0, but the compiler version 2.0.0 can read versions up to 2.1.0.
The class is loaded from /home/runner/.gradle/caches/8.11.1/transforms/057774cd74f6d0a6a47138fb7a80c67f/transformed/extensions-lib-v16-api.jar!/eu/kanade/tachiyomi/animesource/model/SEpisode.class
e: file:///home/runner/work/extensions-meusanimes/extensions-meusanimes/build-system/src/pt/meusanimes/src/eu/kanade/tachiyomi/animeextension/pt/meusanimes/MeusAnimesBlog.kt:125:75 Unresolved reference 'asJsoup'.
e: file:///home/runner/work/extensions-meusanimes/extensions-meusanimes/build-system/src/pt/meusanimes/src/eu/kanade/tachiyomi/animeextension/pt/meusanimes/MeusAnimesBlog.kt:126:69 Unresolved reference 'emptyList'.
e: file:///home/runner/work/extensions-meusanimes/extensions-meusanimes/build-system/src/pt/meusanimes/src/eu/kanade/tachiyomi/animeextension/pt/meusanimes/MeusAnimesBlog.kt:129:25 Class 'kotlin.text.Regex' was compiled with an incompatible version of Kotlin. The actual metadata version is 2.2.0, but the compiler version 2.0.0 can read versions up to 2.1.0.
The class is loaded from /home/runner/.gradle/caches/modules-2/files-2.1/org.jetbrains.kotlin/kotlin-stdlib/2.2.0/fdfc65fbc42fda253a26f61dac3c0aca335fae96/kotlin-stdlib-2.2.0.jar!/kotlin/text/Regex.class
e: file:///home/runner/work/extensions-meusanimes/extensions-meusanimes/build-system/src/pt/meusanimes/src/eu/kanade/tachiyomi/animeextension/pt/meusanimes/MeusAnimesBlog.kt:129:25 Class 'kotlin.text.MatchResult' was compiled with an incompatible version of Kotlin. The actual metadata version is 2.2.0, but the compiler version 2.0.0 can read versions up to 2.1.0.
The class is loaded from /home/runner/.gradle/caches/modules-2/files-2.1/org.jetbrains.kotlin/kotlin-stdlib/2.2.0/fdfc65fbc42fda253a26f61dac3c0aca335fae96/kotlin-stdlib-2.2.0.jar!/kotlin/text/MatchResult.class
e: file:///home/runner/work/extensions-meusanimes/extensions-meusanimes/build-system/src/pt/meusanimes/src/eu/kanade/tachiyomi/animeextension/pt/meusanimes/MeusAnimesBlog.kt:129:25 Class 'kotlin.text.Regex' was compiled with an incompatible version of Kotlin. The actual metadata version is 2.2.0, but the compiler version 2.0.0 can read versions up to 2.1.0.
The class is loaded from /home/runner/.gradle/caches/modules-2/files-2.1/org.jetbrains.kotlin/kotlin-stdlib/2.2.0/fdfc65fbc42fda253a26f61dac3c0aca335fae96/kotlin-stdlib-2.2.0.jar!/kotlin/text/Regex.class
e: file:///home/runner/work/extensions-meusanimes/extensions-meusanimes/build-system/src/pt/meusanimes/src/eu/kanade/tachiyomi/animeextension/pt/meusanimes/MeusAnimesBlog.kt:130:13 Class 'kotlin.text.MatchResult' was compiled with an incompatible version of Kotlin. The actual metadata version is 2.2.0, but the compiler version 2.0.0 can read versions up to 2.1.0.
The class is loaded from /home/runner/.gradle/caches/modules-2/files-2.1/org.jetbrains.kotlin/kotlin-stdlib/2.2.0/fdfc65fbc42fda253a26f61dac3c0aca335fae96/kotlin-stdlib-2.2.0.jar!/kotlin/text/MatchResult.class
e: file:///home/runner/work/extensions-meusanimes/extensions-meusanimes/build-system/src/pt/meusanimes/src/eu/kanade/tachiyomi/animeextension/pt/meusanimes/MeusAnimesBlog.kt:131:18 Class 'kotlin.text.MatchResult.Destructured' was compiled with an incompatible version of Kotlin. The actual metadata version is 2.2.0, but the compiler version 2.0.0 can read versions up to 2.1.0.
The class is loaded from /home/runner/.gradle/caches/modules-2/files-2.1/org.jetbrains.kotlin/kotlin-stdlib/2.2.0/fdfc65fbc42fda253a26f61dac3c0aca335fae96/kotlin-stdlib-2.2.0.jar!/kotlin/text/MatchResult$Destructured.class
e: file:///home/runner/work/extensions-meusanimes/extensions-meusanimes/build-system/src/pt/meusanimes/src/eu/kanade/tachiyomi/animeextension/pt/meusanimes/MeusAnimesBlog.kt:131:24 Class 'kotlin.text.MatchResult.Destructured' was compiled with an incompatible version of Kotlin. The actual metadata version is 2.2.0, but the compiler version 2.0.0 can read versions up to 2.1.0.
The class is loaded from /home/runner/.gradle/caches/modules-2/files-2.1/org.jetbrains.kotlin/kotlin-stdlib/2.2.0/fdfc65fbc42fda253a26f61dac3c0aca335fae96/kotlin-stdlib-2.2.0.jar!/kotlin/text/MatchResult$Destructured.class
e: file:///home/runner/work/extensions-meusanimes/extensions-meusanimes/build-system/src/pt/meusanimes/src/eu/kanade/tachiyomi/animeextension/pt/meusanimes/MeusAnimesBlog.kt:131:32 Class 'kotlin.text.MatchResult.Destructured' was compiled with an incompatible version of Kotlin. The actual metadata version is 2.2.0, but the compiler version 2.0.0 can read versions up to 2.1.0.
The class is loaded from /home/runner/.gradle/caches/modules-2/files-2.1/org.jetbrains.kotlin/kotlin-stdlib/2.2.0/fdfc65fbc42fda253a26f61dac3c0aca335fae96/kotlin-stdlib-2.2.0.jar!/kotlin/text/MatchResult$Destructured.class
e: file:///home/runner/work/extensions-meusanimes/extensions-meusanimes/build-system/src/pt/meusanimes/src/eu/kanade/tachiyomi/animeextension/pt/meusanimes/MeusAnimesBlog.kt:131:38 Class 'kotlin.text.MatchResult' was compiled with an incompatible version of Kotlin. The actual metadata version is 2.2.0, but the compiler version 2.0.0 can read versions up to 2.1.0.
The class is loaded from /home/runner/.gradle/caches/modules-2/files-2.1/org.jetbrains.kotlin/kotlin-stdlib/2.2.0/fdfc65fbc42fda253a26f61dac3c0aca335fae96/kotlin-stdlib-2.2.0.jar!/kotlin/text/MatchResult.class
e: file:///home/runner/work/extensions-meusanimes/extensions-meusanimes/build-system/src/pt/meusanimes/src/eu/kanade/tachiyomi/animeextension/pt/meusanimes/MeusAnimesBlog.kt:131:38 Class 'kotlin.text.MatchResult.Destructured' was compiled with an incompatible version of Kotlin. The actual metadata version is 2.2.0, but the compiler version 2.0.0 can read versions up to 2.1.0.
The class is loaded from /home/runner/.gradle/caches/modules-2/files-2.1/org.jetbrains.kotlin/kotlin-stdlib/2.2.0/fdfc65fbc42fda253a26f61dac3c0aca335fae96/kotlin-stdlib-2.2.0.jar!/kotlin/text/MatchResult$Destructured.class
e: file:///home/runner/work/extensions-meusanimes/extensions-meusanimes/build-system/src/pt/meusanimes/src/eu/kanade/tachiyomi/animeextension/pt/meusanimes/MeusAnimesBlog.kt:131:38 Class 'kotlin.text.MatchResult' was compiled with an incompatible version of Kotlin. The actual metadata version is 2.2.0, but the compiler version 2.0.0 can read versions up to 2.1.0.
The class is loaded from /home/runner/.gradle/caches/modules-2/files-2.1/org.jetbrains.kotlin/kotlin-stdlib/2.2.0/fdfc65fbc42fda253a26f61dac3c0aca335fae96/kotlin-stdlib-2.2.0.jar!/kotlin/text/MatchResult.class
e: file:///home/runner/work/extensions-meusanimes/extensions-meusanimes/build-system/src/pt/meusanimes/src/eu/kanade/tachiyomi/animeextension/pt/meusanimes/MeusAnimesBlog.kt:133:24 Unresolved reference 'isNotEmpty'.
e: file:///home/runner/work/extensions-meusanimes/extensions-meusanimes/build-system/src/pt/meusanimes/src/eu/kanade/tachiyomi/animeextension/pt/meusanimes/MeusAnimesBlog.kt:134:24 Unresolved reference 'listOf'.
e: file:///home/runner/work/extensions-meusanimes/extensions-meusanimes/build-system/src/pt/meusanimes/src/eu/kanade/tachiyomi/animeextension/pt/meusanimes/MeusAnimesBlog.kt:135:21 Class 'eu.kanade.tachiyomi.animesource.model.Hoster' was compiled with an incompatible version of Kotlin. The actual metadata version is 2.2.0, but the compiler version 2.0.0 can read versions up to 2.1.0.
The class is loaded from /home/runner/.gradle/caches/8.11.1/transforms/057774cd74f6d0a6a47138fb7a80c67f/transformed/extensions-lib-v16-api.jar!/eu/kanade/tachiyomi/animesource/model/Hoster.class
e: file:///home/runner/work/extensions-meusanimes/extensions-meusanimes/build-system/src/pt/meusanimes/src/eu/kanade/tachiyomi/animeextension/pt/meusanimes/MeusAnimesBlog.kt:142:20 Unresolved reference 'listOf'.
e: file:///home/runner/work/extensions-meusanimes/extensions-meusanimes/build-system/src/pt/meusanimes/src/eu/kanade/tachiyomi/animeextension/pt/meusanimes/MeusAnimesBlog.kt:143:17 Class 'eu.kanade.tachiyomi.animesource.model.Hoster' was compiled with an incompatible version of Kotlin. The actual metadata version is 2.2.0, but the compiler version 2.0.0 can read versions up to 2.1.0.
The class is loaded from /home/runner/.gradle/caches/8.11.1/transforms/057774cd74f6d0a6a47138fb7a80c67f/transformed/extensions-lib-v16-api.jar!/eu/kanade/tachiyomi/animesource/model/Hoster.class
e: file:///home/runner/work/extensions-meusanimes/extensions-meusanimes/build-system/src/pt/meusanimes/src/eu/kanade/tachiyomi/animeextension/pt/meusanimes/MeusAnimesBlog.kt:151:16 Unresolved reference 'listOf'.
e: file:///home/runner/work/extensions-meusanimes/extensions-meusanimes/build-system/src/pt/meusanimes/src/eu/kanade/tachiyomi/animeextension/pt/meusanimes/MeusAnimesBlog.kt:152:13 Class 'eu.kanade.tachiyomi.animesource.model.Hoster' was compiled with an incompatible version of Kotlin. The actual metadata version is 2.2.0, but the compiler version 2.0.0 can read versions up to 2.1.0.
The class is loaded from /home/runner/.gradle/caches/8.11.1/transforms/057774cd74f6d0a6a47138fb7a80c67f/transformed/extensions-lib-v16-api.jar!/eu/kanade/tachiyomi/animesource/model/Hoster.class
e: file:///home/runner/work/extensions-meusanimes/extensions-meusanimes/build-system/src/pt/meusanimes/src/eu/kanade/tachiyomi/animeextension/pt/meusanimes/MeusAnimesBlog.kt:160:47 Class 'eu.kanade.tachiyomi.animesource.model.Hoster' was compiled with an incompatible version of Kotlin. The actual metadata version is 2.2.0, but the compiler version 2.0.0 can read versions up to 2.1.0.
The class is loaded from /home/runner/.gradle/caches/8.11.1/transforms/057774cd74f6d0a6a47138fb7a80c67f/transformed/extensions-lib-v16-api.jar!/eu/kanade/tachiyomi/animesource/model/Hoster.class
e: file:///home/runner/work/extensions-meusanimes/extensions-meusanimes/build-system/src/pt/meusanimes/src/eu/kanade/tachiyomi/animeextension/pt/meusanimes/MeusAnimesBlog.kt:160:61 Class 'eu.kanade.tachiyomi.animesource.model.Video' was compiled with an incompatible version of Kotlin. The actual metadata version is 2.2.0, but the compiler version 2.0.0 can read versions up to 2.1.0.
The class is loaded from /home/runner/.gradle/caches/8.11.1/transforms/057774cd74f6d0a6a47138fb7a80c67f/transformed/extensions-lib-v16-api.jar!/eu/kanade/tachiyomi/animesource/model/Video.class
e: file:///home/runner/work/extensions-meusanimes/extensions-meusanimes/build-system/src/pt/meusanimes/src/eu/kanade/tachiyomi/animeextension/pt/meusanimes/MeusAnimesBlog.kt:161:9 Class 'eu.kanade.tachiyomi.animesource.model.Hoster' was compiled with an incompatible version of Kotlin. The actual metadata version is 2.2.0, but the compiler version 2.0.0 can read versions up to 2.1.0.
The class is loaded from /home/runner/.gradle/caches/8.11.1/transforms/057774cd74f6d0a6a47138fb7a80c67f/transformed/extensions-lib-v16-api.jar!/eu/kanade/tachiyomi/animesource/model/Hoster.class
e: file:///home/runner/work/extensions-meusanimes/extensions-meusanimes/build-system/src/pt/meusanimes/src/eu/kanade/tachiyomi/animeextension/pt/meusanimes/MeusAnimesBlog.kt:161:9 Class 'eu.kanade.tachiyomi.animesource.model.Hoster' was compiled with an incompatible version of Kotlin. The actual metadata version is 2.2.0, but the compiler version 2.0.0 can read versions up to 2.1.0.
The class is loaded from /home/runner/.gradle/caches/8.11.1/transforms/057774cd74f6d0a6a47138fb7a80c67f/transformed/extensions-lib-v16-api.jar!/eu/kanade/tachiyomi/animesource/model/Hoster.class
e: file:///home/runner/work/extensions-meusanimes/extensions-meusanimes/build-system/src/pt/meusanimes/src/eu/kanade/tachiyomi/animeextension/pt/meusanimes/MeusAnimesBlog.kt:161:27 Unresolved reference 'let'.
e: file:///home/runner/work/extensions-meusanimes/extensions-meusanimes/build-system/src/pt/meusanimes/src/eu/kanade/tachiyomi/animeextension/pt/meusanimes/MeusAnimesBlog.kt:161:33 'return' is prohibited here.
e: file:///home/runner/work/extensions-meusanimes/extensions-meusanimes/build-system/src/pt/meusanimes/src/eu/kanade/tachiyomi/animeextension/pt/meusanimes/MeusAnimesBlog.kt:161:40 Unresolved reference 'it'.
e: file:///home/runner/work/extensions-meusanimes/extensions-meusanimes/build-system/src/pt/meusanimes/src/eu/kanade/tachiyomi/animeextension/pt/meusanimes/MeusAnimesBlog.kt:162:16 Unresolved reference 'emptyList'.
e: file:///home/runner/work/extensions-meusanimes/extensions-meusanimes/build-system/src/pt/meusanimes/src/eu/kanade/tachiyomi/animeextension/pt/meusanimes/MeusAnimesBlog.kt:165:60 Class 'eu.kanade.tachiyomi.animesource.model.SAnime' was compiled with an incompatible version of Kotlin. The actual metadata version is 2.2.0, but the compiler version 2.0.0 can read versions up to 2.1.0.
The class is loaded from /home/runner/.gradle/caches/8.11.1/transforms/057774cd74f6d0a6a47138fb7a80c67f/transformed/extensions-lib-v16-api.jar!/eu/kanade/tachiyomi/animesource/model/SAnime.class
e: file:///home/runner/work/extensions-meusanimes/extensions-meusanimes/build-system/src/pt/meusanimes/src/eu/kanade/tachiyomi/animeextension/pt/meusanimes/MeusAnimesBlog.kt:165:70 Unresolved reference 'emptyList'.
e: file:///home/runner/work/extensions-meusanimes/extensions-meusanimes/build-system/src/pt/meusanimes/src/eu/kanade/tachiyomi/animeextension/pt/meusanimes/MeusAnimesBlog.kt:167:60 Class 'eu.kanade.tachiyomi.animesource.model.Hoster' was compiled with an incompatible version of Kotlin. The actual metadata version is 2.2.0, but the compiler version 2.0.0 can read versions up to 2.1.0.
The class is loaded from /home/runner/.gradle/caches/8.11.1/transforms/057774cd74f6d0a6a47138fb7a80c67f/transformed/extensions-lib-v16-api.jar!/eu/kanade/tachiyomi/animesource/model/Hoster.class
e: file:///home/runner/work/extensions-meusanimes/extensions-meusanimes/build-system/src/pt/meusanimes/src/eu/kanade/tachiyomi/animeextension/pt/meusanimes/MeusAnimesBlog.kt:167:70 Unresolved reference 'emptyList'.
e: file:///home/runner/work/extensions-meusanimes/extensions-meusanimes/build-system/src/pt/meusanimes/src/eu/kanade/tachiyomi/animeextension/pt/meusanimes/MeusAnimesBlog.kt:175:18 Unresolved reference 'contains'.
e: file:///home/runner/work/extensions-meusanimes/extensions-meusanimes/build-system/src/pt/meusanimes/src/eu/kanade/tachiyomi/animeextension/pt/meusanimes/MeusAnimesBlog.kt:175:66 Class 'eu.kanade.tachiyomi.animesource.model.SAnime.Companion' was compiled with an incompatible version of Kotlin. The actual metadata version is 2.2.0, but the compiler version 2.0.0 can read versions up to 2.1.0.
The class is loaded from /home/runner/.gradle/caches/8.11.1/transforms/057774cd74f6d0a6a47138fb7a80c67f/transformed/extensions-lib-v16-api.jar!/eu/kanade/tachiyomi/animesource/model/SAnime$Companion.class
e: file:///home/runner/work/extensions-meusanimes/extensions-meusanimes/build-system/src/pt/meusanimes/src/eu/kanade/tachiyomi/animeextension/pt/meusanimes/MeusAnimesBlog.kt:176:18 Unresolved reference 'contains'.
e: file:///home/runner/work/extensions-meusanimes/extensions-meusanimes/build-system/src/pt/meusanimes/src/eu/kanade/tachiyomi/animeextension/pt/meusanimes/MeusAnimesBlog.kt:176:61 Class 'eu.kanade.tachiyomi.animesource.model.SAnime.Companion' was compiled with an incompatible version of Kotlin. The actual metadata version is 2.2.0, but the compiler version 2.0.0 can read versions up to 2.1.0.
The class is loaded from /home/runner/.gradle/caches/8.11.1/transforms/057774cd74f6d0a6a47138fb7a80c67f/transformed/extensions-lib-v16-api.jar!/eu/kanade/tachiyomi/animesource/model/SAnime$Companion.class
e: file:///home/runner/work/extensions-meusanimes/extensions-meusanimes/build-system/src/pt/meusanimes/src/eu/kanade/tachiyomi/animeextension/pt/meusanimes/MeusAnimesBlog.kt:177:18 Unresolved reference 'contains'.
e: file:///home/runner/work/extensions-meusanimes/extensions-meusanimes/build-system/src/pt/meusanimes/src/eu/kanade/tachiyomi/animeextension/pt/meusanimes/MeusAnimesBlog.kt:177:62 Class 'eu.kanade.tachiyomi.animesource.model.SAnime.Companion' was compiled with an incompatible version of Kotlin. The actual metadata version is 2.2.0, but the compiler version 2.0.0 can read versions up to 2.1.0.
The class is loaded from /home/runner/.gradle/caches/8.11.1/transforms/057774cd74f6d0a6a47138fb7a80c67f/transformed/extensions-lib-v16-api.jar!/eu/kanade/tachiyomi/animesource/model/SAnime$Companion.class
e: file:///home/runner/work/extensions-meusanimes/extensions-meusanimes/build-system/src/pt/meusanimes/src/eu/kanade/tachiyomi/animeextension/pt/meusanimes/MeusAnimesBlog.kt:178:21 Class 'eu.kanade.tachiyomi.animesource.model.SAnime.Companion' was compiled with an incompatible version of Kotlin. The actual metadata version is 2.2.0, but the compiler version 2.0.0 can read versions up to 2.1.0.
The class is loaded from /home/runner/.gradle/caches/8.11.1/transforms/057774cd74f6d0a6a47138fb7a80c67f/transformed/extensions-lib-v16-api.jar!/eu/kanade/tachiyomi/animesource/model/SAnime$Companion.class
e: file:///home/runner/work/extensions-meusanimes/extensions-meusanimes/build-system/src/pt/meusanimes/src/eu/kanade/tachiyomi/animeextension/pt/meusanimes/MeusAnimesBlog.kt:184:21 Class 'kotlin.text.Regex' was compiled with an incompatible version of Kotlin. The actual metadata version is 2.2.0, but the compiler version 2.0.0 can read versions up to 2.1.0.
The class is loaded from /home/runner/.gradle/caches/modules-2/files-2.1/org.jetbrains.kotlin/kotlin-stdlib/2.2.0/fdfc65fbc42fda253a26f61dac3c0aca335fae96/kotlin-stdlib-2.2.0.jar!/kotlin/text/Regex.class
e: file:///home/runner/work/extensions-meusanimes/extensions-meusanimes/build-system/src/pt/meusanimes/src/eu/kanade/tachiyomi/animeextension/pt/meusanimes/MeusAnimesBlog.kt:185:35 Unresolved reference 'substringAfter'.
e: file:///home/runner/work/extensions-meusanimes/extensions-meusanimes/build-system/src/pt/meusanimes/src/eu/kanade/tachiyomi/animeextension/pt/meusanimes/MeusAnimesBlog.kt:186:16 Class 'kotlin.text.Regex' was compiled with an incompatible version of Kotlin. The actual metadata version is 2.2.0, but the compiler version 2.0.0 can read versions up to 2.1.0.
The class is loaded from /home/runner/.gradle/caches/modules-2/files-2.1/org.jetbrains.kotlin/kotlin-stdlib/2.2.0/fdfc65fbc42fda253a26f61dac3c0aca335fae96/kotlin-stdlib-2.2.0.jar!/kotlin/text/Regex.class
e: file:///home/runner/work/extensions-meusanimes/extensions-meusanimes/build-system/src/pt/meusanimes/src/eu/kanade/tachiyomi/animeextension/pt/meusanimes/MeusAnimesBlog.kt:186:16 Class 'kotlin.text.MatchResult' was compiled with an incompatible version of Kotlin. The actual metadata version is 2.2.0, but the compiler version 2.0.0 can read versions up to 2.1.0.
The class is loaded from /home/runner/.gradle/caches/modules-2/files-2.1/org.jetbrains.kotlin/kotlin-stdlib/2.2.0/fdfc65fbc42fda253a26f61dac3c0aca335fae96/kotlin-stdlib-2.2.0.jar!/kotlin/text/MatchResult.class
e: file:///home/runner/work/extensions-meusanimes/extensions-meusanimes/build-system/src/pt/meusanimes/src/eu/kanade/tachiyomi/animeextension/pt/meusanimes/MeusAnimesBlog.kt:186:16 Class 'kotlin.text.Regex' was compiled with an incompatible version of Kotlin. The actual metadata version is 2.2.0, but the compiler version 2.0.0 can read versions up to 2.1.0.
The class is loaded from /home/runner/.gradle/caches/modules-2/files-2.1/org.jetbrains.kotlin/kotlin-stdlib/2.2.0/fdfc65fbc42fda253a26f61dac3c0aca335fae96/kotlin-stdlib-2.2.0.jar!/kotlin/text/Regex.class
e: file:///home/runner/work/extensions-meusanimes/extensions-meusanimes/build-system/src/pt/meusanimes/src/eu/kanade/tachiyomi/animeextension/pt/meusanimes/MeusAnimesBlog.kt:186:16 Class 'kotlin.text.MatchResult' was compiled with an incompatible version of Kotlin. The actual metadata version is 2.2.0, but the compiler version 2.0.0 can read versions up to 2.1.0.
The class is loaded from /home/runner/.gradle/caches/modules-2/files-2.1/org.jetbrains.kotlin/kotlin-stdlib/2.2.0/fdfc65fbc42fda253a26f61dac3c0aca335fae96/kotlin-stdlib-2.2.0.jar!/kotlin/text/MatchResult.class

FAILURE: Build failed with an exception.

* What went wrong:
Execution failed for task ':src:pt:meusanimes:compileDebugKotlin'.
> A failure occurred while executing org.jetbrains.kotlin.compilerRunner.GradleCompilerRunnerWithWorkers$GradleKotlinCompilerWorkAction
   > Compilation error. See log for more details

* Try:
> Run with --info or --debug option to get more log output.
> Run with --scan to get full insights.
> Get more help at https://help.gradle.org.

* Exception is:
org.gradle.api.tasks.TaskExecutionException: Execution failed for task ':src:pt:meusanimes:compileDebugKotlin'.
	at org.gradle.api.internal.tasks.execution.ExecuteActionsTaskExecuter.lambda$executeIfValid$1(ExecuteActionsTaskExecuter.java:130)
	at org.gradle.internal.Try$Failure.ifSuccessfulOrElse(Try.java:293)
	at org.gradle.api.internal.tasks.execution.ExecuteActionsTaskExecuter.executeIfValid(ExecuteActionsTaskExecuter.java:128)
	at org.gradle.api.internal.tasks.execution.ExecuteActionsTaskExecuter.execute(ExecuteActionsTaskExecuter.java:116)
	at org.gradle.api.internal.tasks.execution.FinalizePropertiesTaskExecuter.execute(FinalizePropertiesTaskExecuter.java:46)
	at org.gradle.api.internal.tasks.execution.ResolveTaskExecutionModeExecuter.execute(ResolveTaskExecutionModeExecuter.java:51)
	at org.gradle.api.internal.tasks.execution.SkipTaskWithNoActionsExecuter.execute(SkipTaskWithNoActionsExecuter.java:57)
	at org.gradle.api.internal.tasks.execution.SkipOnlyIfTaskExecuter.execute(SkipOnlyIfTaskExecuter.java:74)
	at org.gradle.api.internal.tasks.execution.CatchExceptionTaskExecuter.execute(CatchExceptionTaskExecuter.java:36)
	at org.gradle.api.internal.tasks.execution.EventFiringTaskExecuter$1.executeTask(EventFiringTaskExecuter.java:77)
	at org.gradle.api.internal.tasks.execution.EventFiringTaskExecuter$1.call(EventFiringTaskExecuter.java:55)
	at org.gradle.api.internal.tasks.execution.EventFiringTaskExecuter$1.call(EventFiringTaskExecuter.java:52)
	at org.gradle.internal.operations.DefaultBuildOperationRunner$CallableBuildOperationWorker.execute(DefaultBuildOperationRunner.java:209)
	at org.gradle.internal.operations.DefaultBuildOperationRunner$CallableBuildOperationWorker.execute(DefaultBuildOperationRunner.java:204)
	at org.gradle.internal.operations.DefaultBuildOperationRunner$2.execute(DefaultBuildOperationRunner.java:66)
	at org.gradle.internal.operations.DefaultBuildOperationRunner$2.execute(DefaultBuildOperationRunner.java:59)
	at org.gradle.internal.operations.DefaultBuildOperationRunner.execute(DefaultBuildOperationRunner.java:166)
	at org.gradle.internal.operations.DefaultBuildOperationRunner.execute(DefaultBuildOperationRunner.java:59)
	at org.gradle.internal.operations.DefaultBuildOperationRunner.call(DefaultBuildOperationRunner.java:53)
	at org.gradle.api.internal.tasks.execution.EventFiringTaskExecuter.execute(EventFiringTaskExecuter.java:52)
	at org.gradle.execution.plan.LocalTaskNodeExecutor.execute(LocalTaskNodeExecutor.java:42)
	at org.gradle.execution.taskgraph.DefaultTaskExecutionGraph$InvokeNodeExecutorsAction.execute(DefaultTaskExecutionGraph.java:331)
	at org.gradle.execution.taskgraph.DefaultTaskExecutionGraph$InvokeNodeExecutorsAction.execute(DefaultTaskExecutionGraph.java:318)
	at org.gradle.execution.taskgraph.DefaultTaskExecutionGraph$BuildOperationAwareExecutionAction.lambda$execute$0(DefaultTaskExecutionGraph.java:314)
	at org.gradle.internal.operations.CurrentBuildOperationRef.with(CurrentBuildOperationRef.java:85)
	at org.gradle.execution.taskgraph.DefaultTaskExecutionGraph$BuildOperationAwareExecutionAction.execute(DefaultTaskExecutionGraph.java:314)
	at org.gradle.execution.taskgraph.DefaultTaskExecutionGraph$BuildOperationAwareExecutionAction.execute(DefaultTaskExecutionGraph.java:303)
	at org.gradle.execution.plan.DefaultPlanExecutor$ExecutorWorker.execute(DefaultPlanExecutor.java:459)
	at org.gradle.execution.plan.DefaultPlanExecutor$ExecutorWorker.run(DefaultPlanExecutor.java:376)
	at org.gradle.execution.plan.DefaultPlanExecutor.process(DefaultPlanExecutor.java:111)
	at org.gradle.execution.taskgraph.DefaultTaskExecutionGraph.executeWithServices(DefaultTaskExecutionGraph.java:138)
	at org.gradle.execution.taskgraph.DefaultTaskExecutionGraph.execute(DefaultTaskExecutionGraph.java:123)
	at org.gradle.execution.SelectedTaskExecutionAction.execute(SelectedTaskExecutionAction.java:35)
	at org.gradle.execution.DryRunBuildExecutionAction.execute(DryRunBuildExecutionAction.java:51)
	at org.gradle.execution.BuildOperationFiringBuildWorkerExecutor$ExecuteTasks.call(BuildOperationFiringBuildWorkerExecutor.java:54)
	at org.gradle.execution.BuildOperationFiringBuildWorkerExecutor$ExecuteTasks.call(BuildOperationFiringBuildWorkerExecutor.java:43)
	at org.gradle.internal.operations.DefaultBuildOperationRunner$CallableBuildOperationWorker.execute(DefaultBuildOperationRunner.java:209)
	at org.gradle.internal.operations.DefaultBuildOperationRunner$CallableBuildOperationWorker.execute(DefaultBuildOperationRunner.java:204)
	at org.gradle.internal.operations.DefaultBuildOperationRunner$2.execute(DefaultBuildOperationRunner.java:66)
	at org.gradle.internal.operations.DefaultBuildOperationRunner$2.execute(DefaultBuildOperationRunner.java:59)
	at org.gradle.internal.operations.DefaultBuildOperationRunner.execute(DefaultBuildOperationRunner.java:166)
	at org.gradle.internal.operations.DefaultBuildOperationRunner.execute(DefaultBuildOperationRunner.java:59)
	at org.gradle.internal.operations.DefaultBuildOperationRunner.call(DefaultBuildOperationRunner.java:53)
	at org.gradle.execution.BuildOperationFiringBuildWorkerExecutor.execute(BuildOperationFiringBuildWorkerExecutor.java:40)
	at org.gradle.internal.build.DefaultBuildLifecycleController.lambda$executeTasks$10(DefaultBuildLifecycleController.java:313)
	at org.gradle.internal.model.StateTransitionController.doTransition(StateTransitionController.java:266)
	at org.gradle.internal.model.StateTransitionController.lambda$tryTransition$8(StateTransitionController.java:177)
	at org.gradle.internal.work.DefaultSynchronizer.withLock(DefaultSynchronizer.java:46)
	at org.gradle.internal.model.StateTransitionController.tryTransition(StateTransitionController.java:177)
	at org.gradle.internal.build.DefaultBuildLifecycleController.executeTasks(DefaultBuildLifecycleController.java:304)
	at org.gradle.internal.build.DefaultBuildWorkGraphController$DefaultBuildWorkGraph.runWork(DefaultBuildWorkGraphController.java:220)
	at org.gradle.internal.work.DefaultWorkerLeaseService.withLocks(DefaultWorkerLeaseService.java:263)
	at org.gradle.internal.work.DefaultWorkerLeaseService.runAsWorkerThread(DefaultWorkerLeaseService.java:127)
	at org.gradle.composite.internal.DefaultBuildController.doRun(DefaultBuildController.java:181)
	at org.gradle.composite.internal.DefaultBuildController.access$000(DefaultBuildController.java:50)
	at org.gradle.composite.internal.DefaultBuildController$BuildOpRunnable.lambda$run$0(DefaultBuildController.java:198)
	at org.gradle.internal.operations.CurrentBuildOperationRef.with(CurrentBuildOperationRef.java:85)
	at org.gradle.composite.internal.DefaultBuildController$BuildOpRunnable.run(DefaultBuildController.java:198)
	at org.gradle.internal.concurrent.ExecutorPolicy$CatchAndRecordFailures.onExecute(ExecutorPolicy.java:64)
	at org.gradle.internal.concurrent.AbstractManagedExecutor$1.run(AbstractManagedExecutor.java:48)
Caused by: org.gradle.workers.internal.DefaultWorkerExecutor$WorkExecutionException: A failure occurred while executing org.jetbrains.kotlin.compilerRunner.GradleCompilerRunnerWithWorkers$GradleKotlinCompilerWorkAction
	at org.gradle.workers.internal.DefaultWorkerExecutor$WorkItemExecution.waitForCompletion(DefaultWorkerExecutor.java:287)
	at org.gradle.internal.work.DefaultAsyncWorkTracker.lambda$waitForItemsAndGatherFailures$2(DefaultAsyncWorkTracker.java:130)
	at org.gradle.internal.Factories$1.create(Factories.java:31)
	at org.gradle.internal.work.DefaultWorkerLeaseService.withoutLocks(DefaultWorkerLeaseService.java:335)
	at org.gradle.internal.work.DefaultWorkerLeaseService.withoutLocks(DefaultWorkerLeaseService.java:318)
	at org.gradle.internal.work.DefaultWorkerLeaseService.withoutLock(DefaultWorkerLeaseService.java:323)
	at org.gradle.internal.work.DefaultAsyncWorkTracker.waitForItemsAndGatherFailures(DefaultAsyncWorkTracker.java:126)
	at org.gradle.internal.work.DefaultAsyncWorkTracker.waitForItemsAndGatherFailures(DefaultAsyncWorkTracker.java:92)
	at org.gradle.internal.work.DefaultAsyncWorkTracker.waitForAll(DefaultAsyncWorkTracker.java:78)
	at org.gradle.internal.work.DefaultAsyncWorkTracker.waitForCompletion(DefaultAsyncWorkTracker.java:66)
	at org.gradle.api.internal.tasks.execution.TaskExecution$3.run(TaskExecution.java:252)
	at org.gradle.internal.operations.DefaultBuildOperationRunner$1.execute(DefaultBuildOperationRunner.java:29)
	at org.gradle.internal.operations.DefaultBuildOperationRunner$1.execute(DefaultBuildOperationRunner.java:26)
	at org.gradle.internal.operations.DefaultBuildOperationRunner$2.execute(DefaultBuildOperationRunner.java:66)
	at org.gradle.internal.operations.DefaultBuildOperationRunner$2.execute(DefaultBuildOperationRunner.java:59)
	at org.gradle.internal.operations.DefaultBuildOperationRunner.execute(DefaultBuildOperationRunner.java:166)
	at org.gradle.internal.operations.DefaultBuildOperationRunner.execute(DefaultBuildOperationRunner.java:59)
	at org.gradle.internal.operations.DefaultBuildOperationRunner.run(DefaultBuildOperationRunner.java:47)
	at org.gradle.api.internal.tasks.execution.TaskExecution.executeAction(TaskExecution.java:229)
	at org.gradle.api.internal.tasks.execution.TaskExecution.executeActions(TaskExecution.java:212)
	at org.gradle.api.internal.tasks.execution.TaskExecution.executeWithPreviousOutputFiles(TaskExecution.java:195)
	at org.gradle.api.internal.tasks.execution.TaskExecution.execute(TaskExecution.java:162)
	at org.gradle.internal.execution.steps.ExecuteStep.executeInternal(ExecuteStep.java:105)
	at org.gradle.internal.execution.steps.ExecuteStep.access$000(ExecuteStep.java:44)
	at org.gradle.internal.execution.steps.ExecuteStep$1.call(ExecuteStep.java:59)
	at org.gradle.internal.execution.steps.ExecuteStep$1.call(ExecuteStep.java:56)
	at org.gradle.internal.operations.DefaultBuildOperationRunner$CallableBuildOperationWorker.execute(DefaultBuildOperationRunner.java:209)
	at org.gradle.internal.operations.DefaultBuildOperationRunner$CallableBuildOperationWorker.execute(DefaultBuildOperationRunner.java:204)
	at org.gradle.internal.operations.DefaultBuildOperationRunner$2.execute(DefaultBuildOperationRunner.java:66)
	at org.gradle.internal.operations.DefaultBuildOperationRunner$2.execute(DefaultBuildOperationRunner.java:59)
	at org.gradle.internal.operations.DefaultBuildOperationRunner.execute(DefaultBuildOperationRunner.java:166)
	at org.gradle.internal.operations.DefaultBuildOperationRunner.execute(DefaultBuildOperationRunner.java:59)
	at org.gradle.internal.operations.DefaultBuildOperationRunner.call(DefaultBuildOperationRunner.java:53)
	at org.gradle.internal.execution.steps.ExecuteStep.execute(ExecuteStep.java:56)
	at org.gradle.internal.execution.steps.ExecuteStep.execute(ExecuteStep.java:44)
	at org.gradle.internal.execution.steps.CancelExecutionStep.execute(CancelExecutionStep.java:42)
	at org.gradle.internal.execution.steps.TimeoutStep.executeWithoutTimeout(TimeoutStep.java:75)
	at org.gradle.internal.execution.steps.TimeoutStep.execute(TimeoutStep.java:55)
	at org.gradle.internal.execution.steps.PreCreateOutputParentsStep.execute(PreCreateOutputParentsStep.java:50)
	at org.gradle.internal.execution.steps.PreCreateOutputParentsStep.execute(PreCreateOutputParentsStep.java:28)
	at org.gradle.internal.execution.steps.RemovePreviousOutputsStep.execute(RemovePreviousOutputsStep.java:67)
	at org.gradle.internal.execution.steps.RemovePreviousOutputsStep.execute(RemovePreviousOutputsStep.java:37)
	at org.gradle.internal.execution.steps.BroadcastChangingOutputsStep.execute(BroadcastChangingOutputsStep.java:61)
	at org.gradle.internal.execution.steps.BroadcastChangingOutputsStep.execute(BroadcastChangingOutputsStep.java:26)
	at org.gradle.internal.execution.steps.CaptureOutputsAfterExecutionStep.execute(CaptureOutputsAfterExecutionStep.java:69)
	at org.gradle.internal.execution.steps.CaptureOutputsAfterExecutionStep.execute(CaptureOutputsAfterExecutionStep.java:46)
	at org.gradle.internal.execution.steps.ResolveInputChangesStep.execute(ResolveInputChangesStep.java:40)
	at org.gradle.internal.execution.steps.ResolveInputChangesStep.execute(ResolveInputChangesStep.java:29)
	at org.gradle.internal.execution.steps.BuildCacheStep.executeWithoutCache(BuildCacheStep.java:189)
	at org.gradle.internal.execution.steps.BuildCacheStep.executeAndStoreInCache(BuildCacheStep.java:145)
	at org.gradle.internal.execution.steps.BuildCacheStep.lambda$executeWithCache$4(BuildCacheStep.java:101)
	at org.gradle.internal.execution.steps.BuildCacheStep.lambda$executeWithCache$5(BuildCacheStep.java:101)
	at org.gradle.internal.Try$Success.map(Try.java:175)
	at org.gradle.internal.execution.steps.BuildCacheStep.executeWithCache(BuildCacheStep.java:85)
	at org.gradle.internal.execution.steps.BuildCacheStep.lambda$execute$0(BuildCacheStep.java:74)
	at org.gradle.internal.Either$Left.fold(Either.java:115)
	at org.gradle.internal.execution.caching.CachingState.fold(CachingState.java:62)
	at org.gradle.internal.execution.steps.BuildCacheStep.execute(BuildCacheStep.java:73)
	at org.gradle.internal.execution.steps.BuildCacheStep.execute(BuildCacheStep.java:48)
	at org.gradle.internal.execution.steps.StoreExecutionStateStep.execute(StoreExecutionStateStep.java:46)
	at org.gradle.internal.execution.steps.StoreExecutionStateStep.execute(StoreExecutionStateStep.java:35)
	at org.gradle.internal.execution.steps.SkipUpToDateStep.executeBecause(SkipUpToDateStep.java:75)
	at org.gradle.internal.execution.steps.SkipUpToDateStep.lambda$execute$2(SkipUpToDateStep.java:53)
	at org.gradle.internal.execution.steps.SkipUpToDateStep.execute(SkipUpToDateStep.java:53)
	at org.gradle.internal.execution.steps.SkipUpToDateStep.execute(SkipUpToDateStep.java:35)
	at org.gradle.internal.execution.steps.legacy.MarkSnapshottingInputsFinishedStep.execute(MarkSnapshottingInputsFinishedStep.java:37)
	at org.gradle.internal.execution.steps.legacy.MarkSnapshottingInputsFinishedStep.execute(MarkSnapshottingInputsFinishedStep.java:27)
	at org.gradle.internal.execution.steps.ResolveIncrementalCachingStateStep.executeDelegate(ResolveIncrementalCachingStateStep.java:49)
	at org.gradle.internal.execution.steps.ResolveIncrementalCachingStateStep.executeDelegate(ResolveIncrementalCachingStateStep.java:27)
	at org.gradle.internal.execution.steps.AbstractResolveCachingStateStep.execute(AbstractResolveCachingStateStep.java:71)
	at org.gradle.internal.execution.steps.AbstractResolveCachingStateStep.execute(AbstractResolveCachingStateStep.java:39)
	at org.gradle.internal.execution.steps.ResolveChangesStep.execute(ResolveChangesStep.java:65)
	at org.gradle.internal.execution.steps.ResolveChangesStep.execute(ResolveChangesStep.java:36)
	at org.gradle.internal.execution.steps.ValidateStep.execute(ValidateStep.java:107)
	at org.gradle.internal.execution.steps.ValidateStep.execute(ValidateStep.java:56)
	at org.gradle.internal.execution.steps.AbstractCaptureStateBeforeExecutionStep.execute(AbstractCaptureStateBeforeExecutionStep.java:64)
	at org.gradle.internal.execution.steps.AbstractCaptureStateBeforeExecutionStep.execute(AbstractCaptureStateBeforeExecutionStep.java:43)
	at org.gradle.internal.execution.steps.AbstractSkipEmptyWorkStep.executeWithNonEmptySources(AbstractSkipEmptyWorkStep.java:125)
	at org.gradle.internal.execution.steps.AbstractSkipEmptyWorkStep.execute(AbstractSkipEmptyWorkStep.java:61)
	at org.gradle.internal.execution.steps.AbstractSkipEmptyWorkStep.execute(AbstractSkipEmptyWorkStep.java:36)
	at org.gradle.internal.execution.steps.legacy.MarkSnapshottingInputsStartedStep.execute(MarkSnapshottingInputsStartedStep.java:38)
	at org.gradle.internal.execution.steps.LoadPreviousExecutionStateStep.execute(LoadPreviousExecutionStateStep.java:36)
	at org.gradle.internal.execution.steps.LoadPreviousExecutionStateStep.execute(LoadPreviousExecutionStateStep.java:23)
	at org.gradle.internal.execution.steps.HandleStaleOutputsStep.execute(HandleStaleOutputsStep.java:75)
	at org.gradle.internal.execution.steps.HandleStaleOutputsStep.execute(HandleStaleOutputsStep.java:41)
	at org.gradle.internal.execution.steps.AssignMutableWorkspaceStep.lambda$execute$0(AssignMutableWorkspaceStep.java:35)
	at org.gradle.api.internal.tasks.execution.TaskExecution$4.withWorkspace(TaskExecution.java:289)
	at org.gradle.internal.execution.steps.AssignMutableWorkspaceStep.execute(AssignMutableWorkspaceStep.java:31)
	at org.gradle.internal.execution.steps.AssignMutableWorkspaceStep.execute(AssignMutableWorkspaceStep.java:22)
	at org.gradle.internal.execution.steps.ChoosePipelineStep.execute(ChoosePipelineStep.java:40)
	at org.gradle.internal.execution.steps.ChoosePipelineStep.execute(ChoosePipelineStep.java:23)
	at org.gradle.internal.execution.steps.ExecuteWorkBuildOperationFiringStep.lambda$execute$2(ExecuteWorkBuildOperationFiringStep.java:67)
	at org.gradle.internal.execution.steps.ExecuteWorkBuildOperationFiringStep.execute(ExecuteWorkBuildOperationFiringStep.java:67)
	at org.gradle.internal.execution.steps.ExecuteWorkBuildOperationFiringStep.execute(ExecuteWorkBuildOperationFiringStep.java:39)
	at org.gradle.internal.execution.steps.IdentityCacheStep.execute(IdentityCacheStep.java:46)
	at org.gradle.internal.execution.steps.IdentityCacheStep.execute(IdentityCacheStep.java:34)
	at org.gradle.internal.execution.steps.IdentifyStep.execute(IdentifyStep.java:48)
	at org.gradle.internal.execution.steps.IdentifyStep.execute(IdentifyStep.java:35)
	at org.gradle.internal.execution.impl.DefaultExecutionEngine$1.execute(DefaultExecutionEngine.java:61)
	at org.gradle.api.internal.tasks.execution.ExecuteActionsTaskExecuter.executeIfValid(ExecuteActionsTaskExecuter.java:127)
	at org.gradle.api.internal.tasks.execution.ExecuteActionsTaskExecuter.execute(ExecuteActionsTaskExecuter.java:116)
	at org.gradle.api.internal.tasks.execution.FinalizePropertiesTaskExecuter.execute(FinalizePropertiesTaskExecuter.java:46)
	at org.gradle.api.internal.tasks.execution.ResolveTaskExecutionModeExecuter.execute(ResolveTaskExecutionModeExecuter.java:51)
	at org.gradle.api.internal.tasks.execution.SkipTaskWithNoActionsExecuter.execute(SkipTaskWithNoActionsExecuter.java:57)
	at org.gradle.api.internal.tasks.execution.SkipOnlyIfTaskExecuter.execute(SkipOnlyIfTaskExecuter.java:74)
	at org.gradle.api.internal.tasks.execution.CatchExceptionTaskExecuter.execute(CatchExceptionTaskExecuter.java:36)
	at org.gradle.api.internal.tasks.execution.EventFiringTaskExecuter$1.executeTask(EventFiringTaskExecuter.java:77)
	at org.gradle.api.internal.tasks.execution.EventFiringTaskExecuter$1.call(EventFiringTaskExecuter.java:55)
	at org.gradle.api.internal.tasks.execution.EventFiringTaskExecuter$1.call(EventFiringTaskExecuter.java:52)
	at org.gradle.internal.operations.DefaultBuildOperationRunner$CallableBuildOperationWorker.execute(DefaultBuildOperationRunner.java:209)
	at org.gradle.internal.operations.DefaultBuildOperationRunner$CallableBuildOperationWorker.execute(DefaultBuildOperationRunner.java:204)
	at org.gradle.internal.operations.DefaultBuildOperationRunner$2.execute(DefaultBuildOperationRunner.java:66)
	at org.gradle.internal.operations.DefaultBuildOperationRunner$2.execute(DefaultBuildOperationRunner.java:59)
	at org.gradle.internal.operations.DefaultBuildOperationRunner.execute(DefaultBuildOperationRunner.java:166)
	at org.gradle.internal.operations.DefaultBuildOperationRunner.execute(DefaultBuildOperationRunner.java:59)
	at org.gradle.internal.operations.DefaultBuildOperationRunner.call(DefaultBuildOperationRunner.java:53)
	at org.gradle.api.internal.tasks.execution.EventFiringTaskExecuter.execute(EventFiringTaskExecuter.java:52)
	at org.gradle.execution.plan.LocalTaskNodeExecutor.execute(LocalTaskNodeExecutor.java:42)
	at org.gradle.execution.taskgraph.DefaultTaskExecutionGraph$InvokeNodeExecutorsAction.execute(DefaultTaskExecutionGraph.java:331)
	at org.gradle.execution.taskgraph.DefaultTaskExecutionGraph$InvokeNodeExecutorsAction.execute(DefaultTaskExecutionGraph.java:318)
	at org.gradle.execution.taskgraph.DefaultTaskExecutionGraph$BuildOperationAwareExecutionAction.lambda$execute$0(DefaultTaskExecutionGraph.java:314)
	at org.gradle.internal.operations.CurrentBuildOperationRef.with(CurrentBuildOperationRef.java:85)
	at org.gradle.execution.taskgraph.DefaultTaskExecutionGraph$BuildOperationAwareExecutionAction.execute(DefaultTaskExecutionGraph.java:314)
	at org.gradle.execution.taskgraph.DefaultTaskExecutionGraph$BuildOperationAwareExecutionAction.execute(DefaultTaskExecutionGraph.java:303)
	at org.gradle.execution.plan.DefaultPlanExecutor$ExecutorWorker.execute(DefaultPlanExecutor.java:459)
	at org.gradle.execution.plan.DefaultPlanExecutor$ExecutorWorker.run(DefaultPlanExecutor.java:376)
	at org.gradle.execution.plan.DefaultPlanExecutor.process(DefaultPlanExecutor.java:111)
	at org.gradle.execution.taskgraph.DefaultTaskExecutionGraph.executeWithServices(DefaultTaskExecutionGraph.java:138)
	at org.gradle.execution.taskgraph.DefaultTaskExecutionGraph.execute(DefaultTaskExecutionGraph.java:123)
	at org.gradle.execution.SelectedTaskExecutionAction.execute(SelectedTaskExecutionAction.java:35)
	at org.gradle.execution.DryRunBuildExecutionAction.execute(DryRunBuildExecutionAction.java:51)
	at org.gradle.execution.BuildOperationFiringBuildWorkerExecutor$ExecuteTasks.call(BuildOperationFiringBuildWorkerExecutor.java:54)
	at org.gradle.execution.BuildOperationFiringBuildWorkerExecutor$ExecuteTasks.call(BuildOperationFiringBuildWorkerExecutor.java:43)
	at org.gradle.internal.operations.DefaultBuildOperationRunner$CallableBuildOperationWorker.execute(DefaultBuildOperationRunner.java:209)
	at org.gradle.internal.operations.DefaultBuildOperationRunner$CallableBuildOperationWorker.execute(DefaultBuildOperationRunner.java:204)
	at org.gradle.internal.operations.DefaultBuildOperationRunner$2.execute(DefaultBuildOperationRunner.java:66)
	at org.gradle.internal.operations.DefaultBuildOperationRunner$2.execute(DefaultBuildOperationRunner.java:59)
	at org.gradle.internal.operations.DefaultBuildOperationRunner.execute(DefaultBuildOperationRunner.java:166)
	at org.gradle.internal.operations.DefaultBuildOperationRunner.execute(DefaultBuildOperationRunner.java:59)
	at org.gradle.internal.operations.DefaultBuildOperationRunner.call(DefaultBuildOperationRunner.java:53)
	at org.gradle.execution.BuildOperationFiringBuildWorkerExecutor.execute(BuildOperationFiringBuildWorkerExecutor.java:40)
	at org.gradle.internal.build.DefaultBuildLifecycleController.lambda$executeTasks$10(DefaultBuildLifecycleController.java:313)
	at org.gradle.internal.model.StateTransitionController.doTransition(StateTransitionController.java:266)
	at org.gradle.internal.model.StateTransitionController.lambda$tryTransition$8(StateTransitionController.java:177)
	at org.gradle.internal.work.DefaultSynchronizer.withLock(DefaultSynchronizer.java:46)
	at org.gradle.internal.model.StateTransitionController.tryTransition(StateTransitionController.java:177)
	at org.gradle.internal.build.DefaultBuildLifecycleController.executeTasks(DefaultBuildLifecycleController.java:304)
	at org.gradle.internal.build.DefaultBuildWorkGraphController$DefaultBuildWorkGraph.runWork(DefaultBuildWorkGraphController.java:220)
	at org.gradle.internal.work.DefaultWorkerLeaseService.withLocks(DefaultWorkerLeaseService.java:263)
	at org.gradle.internal.work.DefaultWorkerLeaseService.runAsWorkerThread(DefaultWorkerLeaseService.java:127)
	at org.gradle.composite.internal.DefaultBuildController.doRun(DefaultBuildController.java:181)
	at org.gradle.composite.internal.DefaultBuildController.access$000(DefaultBuildController.java:50)
	at org.gradle.composite.internal.DefaultBuildController$BuildOpRunnable.lambda$run$0(DefaultBuildController.java:198)
	at org.gradle.internal.operations.CurrentBuildOperationRef.with(CurrentBuildOperationRef.java:85)
	at org.gradle.composite.internal.DefaultBuildController$BuildOpRunnable.run(DefaultBuildController.java:198)
	at org.gradle.internal.concurrent.ExecutorPolicy$CatchAndRecordFailures.onExecute(ExecutorPolicy.java:64)
	at org.gradle.internal.concurrent.AbstractManagedExecutor$1.run(AbstractManagedExecutor.java:48)
Caused by: org.jetbrains.kotlin.gradle.tasks.CompilationErrorException: Compilation error. See log for more details
	at org.jetbrains.kotlin.gradle.tasks.TasksUtilsKt.throwExceptionIfCompilationFailed(tasksUtils.kt:21)
	at org.jetbrains.kotlin.compilerRunner.GradleKotlinCompilerWork.run(GradleKotlinCompilerWork.kt:119)
	at org.jetbrains.kotlin.compilerRunner.GradleCompilerRunnerWithWorkers$GradleKotlinCompilerWorkAction.execute(GradleCompilerRunnerWithWorkers.kt:76)
	at org.gradle.workers.internal.DefaultWorkerServer.execute(DefaultWorkerServer.java:63)
	at org.gradle.workers.internal.NoIsolationWorkerFactory$1$1.create(NoIsolationWorkerFactory.java:66)
	at org.gradle.workers.internal.NoIsolationWorkerFactory$1$1.create(NoIsolationWorkerFactory.java:62)
	at org.gradle.internal.classloader.ClassLoaderUtils.executeInClassloader(ClassLoaderUtils.java:100)
	at org.gradle.workers.internal.NoIsolationWorkerFactory$1.lambda$execute$0(NoIsolationWorkerFactory.java:62)
	at org.gradle.workers.internal.AbstractWorker$1.call(AbstractWorker.java:44)
	at org.gradle.workers.internal.AbstractWorker$1.call(AbstractWorker.java:41)
	at org.gradle.internal.operations.DefaultBuildOperationRunner$CallableBuildOperationWorker.execute(DefaultBuildOperationRunner.java:209)
	at org.gradle.internal.operations.DefaultBuildOperationRunner$CallableBuildOperationWorker.execute(DefaultBuildOperationRunner.java:204)
	at org.gradle.internal.operations.DefaultBuildOperationRunner$2.execute(DefaultBuildOperationRunner.java:66)
	at org.gradle.internal.operations.DefaultBuildOperationRunner$2.execute(DefaultBuildOperationRunner.java:59)
	at org.gradle.internal.operations.DefaultBuildOperationRunner.execute(DefaultBuildOperationRunner.java:166)
	at org.gradle.internal.operations.DefaultBuildOperationRunner.execute(DefaultBuildOperationRunner.java:59)
	at org.gradle.internal.operations.DefaultBuildOperationRunner.call(DefaultBuildOperationRunner.java:53)
	at org.gradle.workers.internal.AbstractWorker.executeWrappedInBuildOperation(AbstractWorker.java:41)
	at org.gradle.workers.internal.NoIsolationWorkerFactory$1.execute(NoIsolationWorkerFactory.java:59)
	at org.gradle.workers.internal.DefaultWorkerExecutor.lambda$submitWork$0(DefaultWorkerExecutor.java:174)
	at org.gradle.internal.work.DefaultConditionalExecutionQueue$ExecutionRunner.runExecution(DefaultConditionalExecutionQueue.java:194)
	at org.gradle.internal.work.DefaultConditionalExecutionQueue$ExecutionRunner.access$700(DefaultConditionalExecutionQueue.java:127)
	at org.gradle.internal.work.DefaultConditionalExecutionQueue$ExecutionRunner$1.run(DefaultConditionalExecutionQueue.java:169)
	at org.gradle.internal.Factories$1.create(Factories.java:31)
	at org.gradle.internal.work.DefaultWorkerLeaseService.withLocks(DefaultWorkerLeaseService.java:263)
	at org.gradle.internal.work.DefaultWorkerLeaseService.runAsWorkerThread(DefaultWorkerLeaseService.java:127)
	at org.gradle.internal.work.DefaultWorkerLeaseService.runAsWorkerThread(DefaultWorkerLeaseService.java:132)
	at org.gradle.internal.work.DefaultConditionalExecutionQueue$ExecutionRunner.runBatch(DefaultConditionalExecutionQueue.java:164)
	at org.gradle.internal.work.DefaultConditionalExecutionQueue$ExecutionRunner.run(DefaultConditionalExecutionQueue.java:133)
	... 2 more


BUILD FAILED in 2m 20s
49 actionable tasks: 48 executed, 1 from cache
